---
source: tests/snapshot_search.rs
expression: "search_fixture(\"Pipeline\")"
---
# Search: "Pipeline" in tests/fixtures/polyglot-project — 2 matches (1 definitions, 1 usages)

## src/core.py:1-8 [definition]
→ [1]   class Pipeline:

## src/core.py:12 [usage]
→ [12]       return Pipeline(steps)

(~55 tokens)
