---
source: tests/snapshot_search.rs
assertion_line: 39
expression: "search_fixture_in_scope(\"make\", single_file_scope)"
---
# Search: "make" in tests/fixtures/polyglot-project/src/Button.res — 1 matches (1 definitions, 0 usages)

## Button.res:11-13 [definition]
→ [11]   let make = (~label: string, ~onClick: unit => unit) => {

(~52 tokens)
