---
source: tests/snapshot_search.rs
expression: "search_fixture(\"initialize\")"
---
# Search: "initialize" in tests/fixtures/polyglot-project — 2 matches (1 definitions, 1 usages)

## src/main.rs:5-9 [definition]
→ [5]   pub fn initialize() -> Config {

## src/engine.cpp:14 [usage]
→ [14]   void initialize(const std::string& config) {

(~65 tokens)
