---
source: tests/snapshot_search.rs
expression: "search_fixture_in_scope(\"make\", single_file_scope)"
---
# Search: "make" in tests/fixtures/polyglot-project/src/Button.res — 1 matches (1 definitions, 0 usages)

## tests/fixtures/polyglot-project/src/Button.res:11-13 [definition]
→ [1-13]       mod Button
    [1]          type color
    [3]          let defaultColor
