---
source: tests/snapshot_search.rs
expression: "search_fixture(\"Button\")"
---
# Search: "Button" in tests/fixtures/polyglot-project — 2 matches (2 definitions, 0 usages)

## tests/fixtures/polyglot-project/src/component.tsx:6 [definition]
  [1-4]        interface ButtonProps
→ [6-8]        export export function Button({ label, onClick }: ButtonProps) {
  [10-12]      export export function Badge({ text }: { text: string }) {

## tests/fixtures/polyglot-project/src/component.tsx:6 [definition]
  [1-4]        interface ButtonProps
→ [6-8]        export export function Button({ label, onClick }: ButtonProps) {
  [10-12]      export export function Badge({ text }: { text: string }) {
