---
source: tests/snapshot_search.rs
expression: "search_fixture(\"Token\")"
---
# Search: "Token" in tests/fixtures/polyglot-project — 2 matches (1 definitions, 1 usages)

## src/Parser.hs:5-5 [definition]
→ [5]   data Token = Ident String | Number Int | Symbol Char

## src/Parser.hs:7 [usage]
→ [7]   tokenize :: String -> [Token]

(~65 tokens)
