---
source: tests/snapshot_rescript_matrix.rs
expression: aggregated_output
---
=== Search: type ===
# Search: "type" in tests/fixtures/rescript-matrix — 6 matches

### Usages — other (6)

## 02_type_declarations.res:1 [usage]
→ [1]   type color = Red | Green | Blue

## Types.resi:3 [usage]
→ [3]   type color = Red | Green | Blue

## Types.resi:4 [usage]
→ [4]   type status = Active | Inactive | Pending

## Types.resi:6 [usage]
→ [6]   type user = {

## Types.resi:1 [usage]
→ [1]   // Interface file for type signatures

## 01_decorator.res:2 [usage]
→ [2]   type decoratedType = string

(~127 tokens)
=== Search: let ===
# Search: "let" in tests/fixtures/rescript-matrix — 10 matches

### Usages — other (10)

## 08_function_let.res:1 [usage]
→ [1]   let add = (a, b) => a + b

## 08_function_let.res:2 [usage]
→ [2]   let multiply = (x, y) => x * y

## 08_function_let.res:3 [usage]
→ [3]   let greet = name => "Hello, " ++ name ++ "!"

## 01_decorator.res:5 [usage]
→ [5]   let decoratedFunction = () => "ok"

## 02_type_declarations.res:3 [usage]
→ [3]   let defaultColor = Red

## 02_type_declarations.res:6 [usage]
→ [6]     let primary = "blue"

## 02_type_declarations.res:7 [usage]
→ [7]     let secondary = "gray"

## 03_external_declarations.res:2 [usage]
→ [2]   let mathRandom: unit => float = "Math.random"

## 04_nested_module.res:2 [usage]
→ [2]     let helper = () => "inner"

## 04_nested_module.res:4 [usage]
→ [4]       let nested = () => "deep"

... and 12 more matches. Narrow with scope.

(~228 tokens)
=== Search: module ===
# Search: "module" in tests/fixtures/rescript-matrix — 6 matches

### Usages — other (6)

## 04_nested_module.res:1 [usage]
→ [1]   module Inner = {

## 04_nested_module.res:3 [usage]
→ [3]     module Deep = {

## 02_type_declarations.res:5 [usage]
→ [5]   module Theme = {

## 03_external_declarations.res:4 [usage]
→ [4]   @send @module("./path/to/module")

## 11_dotted_tags.res:11 [usage]
→ [11]   module MySubComponent = {

## 11_dotted_tags.res:15 [usage]
→ [15]     module SubComponent = {

(~128 tokens)
=== Search: exception ===
# Search: "exception" in tests/fixtures/rescript-matrix — 2 matches

## 06_exception.res:1 [usage]
→ [1]   exception ValidationError(string)

## 06_exception.res:2 [usage]
→ [2]   exception NotFoundError

(~53 tokens)
=== Search: make ===
# Search: "make" in tests/fixtures/rescript-matrix — 6 matches (3 definitions, 3 usages)

### Definitions (3)

## 09_fragment.res:2-7 [definition]
→ [2]   let make = (~label) => {

## 10_spread_props.res:2-4 [definition]
→ [2]   let make = (~props) => {

## 11_dotted_tags.res:2-9 [definition]
→ [2]   let make = () => {

### Usages — same package (3)

## 11_dotted_tags.res:13 [usage]
→ [13]     let make = () => <div> {React.string("Sub")} </div>

## 11_dotted_tags.res:17 [usage]
→ [17]       let make = () => <span> {React.string("Deep nested")} </span>

## 12_malformed_jsx.res:2 [usage]
→ [2]   let make = (~label) => {

(~161 tokens)
